// Jest Snapshot v1, https://goo.gl/fbAQLP

exports[`Timer should match the snapshot 1`] = `"<li class=\\"list-group-item\\"><div class=\\"main_div\\"><div class=\\"main_flex\\"><div class=\\"content_with_button\\"><div id=\\"title_pending_todo\\" class=\\"title_with_duration\\" aria-labelledby=\\"title_pending_todo\\"><label for=\\"title_pending_todo\\" aria-labelledby=\\"title_pending_todo\\">Meeting with Anurag</label></div></div><div class=\\"content_with_button\\"><button type=\\"button\\" class=\\"btn btn-outline-info btn-sm\\">Mark As Done</button><button type=\\"button\\" style=\\"margin-right:128px;margin-left:10px\\" class=\\"btn btn-outline-success btn-sm\\">Start</button><button type=\\"button\\" class=\\"btn-close\\" aria-label=\\"Close\\" style=\\"margin-left:20px\\"></button></div></div></div></li>"`;
